
> nextjs_forms@0.1.0 build
> next build

node.exe : [baseline-browser-mapping] The 
data in this module is over two months old. 
 To ensure accurate Baseline data, please 
update: `npm i 
baseline-browser-mapping@latest -D`
En línea: 1 Carácter: 1
+ & "C:\Program Files\nodejs/node.exe" 
"C:\Users\cricr\AppData\Roaming\ ...
+ ~~~~~~~~~~~~~~~~~~~~~~~~~~~~~~~~~~~~~~~~~~
~~~~~~~~~~~~~~~~~~~~~~~~~~~
    + CategoryInfo          : NotSpecified: 
    ([baseline-brows...ping@latest -D`:Str  
  ing) [], RemoteException
    + FullyQualifiedErrorId : NativeCommand 
   Error
 
 ÔÜá Warning: Next.js inferred your 
workspace root, but it may not be correct.
 We detected multiple lockfiles and 
selected the directory of 
C:\Users\cricr\package-lock.json as the 
root directory.
 To silence this warning, set 
`turbopack.root` in your Next.js config, or 
consider removing one of the lockfiles if 
it's not needed.
   See https://nextjs.org/docs/app/api-refer
ence/config/next-config-js/turbopack#root-di
rectory for more information.
 Detected additional lockfiles: 
   * C:\Users\cricr\Documents\SystemsKings\N
ew_FrontCare_FORMS\nextjs_forms\package-lock
.json

   Ôû▓ Next.js 16.0.7 (Turbopack)

   Creating an optimized production build ...
[baseline-browser-mapping] The data in this 
module is over two months old.  To ensure 
accurate Baseline data, please update: `npm 
i baseline-browser-mapping@latest -D`
 Ô£ô Compiled successfully in 2.5s
   Running TypeScript ...
   Collecting page data using 15 workers ...
[baseline-browser-mapping] The data in this 
module is over two months old.  To ensure 
accurate Baseline data, please update: `npm 
i baseline-browser-mapping@latest -D`
[baseline-browser-mapping] The data in this 
module is over two months old.  To ensure 
accurate Baseline data, please update: `npm 
i baseline-browser-mapping@latest -D`
[baseline-browser-mapping] The data in this 
module is over two months old.  To ensure 
accurate Baseline data, please update: `npm 
i baseline-browser-mapping@latest -D`
[baseline-browser-mapping] The data in this 
module is over two months old.  To ensure 
accurate Baseline data, please update: `npm 
i baseline-browser-mapping@latest -D`
[baseline-browser-mapping] The data in this 
module is over two months old.  To ensure 
accurate Baseline data, please update: `npm 
i baseline-browser-mapping@latest -D`
[baseline-browser-mapping] The data in this 
module is over two months old.  To ensure 
accurate Baseline data, please update: `npm 
i baseline-browser-mapping@latest -D`
   Generating static pages using 15 workers (0/6) ...
[baseline-browser-mapping] The data in this 
module is over two months old.  To ensure 
accurate Baseline data, please update: `npm 
i baseline-browser-mapping@latest -D`
   Generating static pages using 15 workers (1/6) 
   Generating static pages using 15 workers (2/6) 
   Generating static pages using 15 workers (4/6) 
 Ô£ô Generating static pages using 15 workers (6/6) in 934.1ms
   Finalizing page optimization ...

Route (app)
Ôöî Ôùï /
Ôö£ Ôùï /_not-found
Ôö£ Ôùï /FrontCare/stay_on_top_of_your_wellness
Ôöö Ôùï /PatientExcel


Ôùï  (Static)  prerendered as static content

